// Jest Snapshot v1, https://goo.gl/fbAQLP

exports[`Card Component behaviour should render as expected 1`] = `ShallowWrapper {}`;
